
 RUN  v4.1.9 /Users/ray/dev/shepy

 ❯ test/unit/shepy-pi-extension.test.ts (66 tests | 3 failed) 770ms
     × wakes once at 500 ms for agent.done 6ms
     × wakes once at 500 ms for agent.idle 1ms
     × blocked bypasses the routine 500 ms batch without bypassing the delivery/ack path 1ms

⎯⎯⎯⎯⎯⎯⎯ Failed Tests 3 ⎯⎯⎯⎯⎯⎯⎯

 FAIL  test/unit/shepy-pi-extension.test.ts > shepy-pi orchestrator bridge > wakes once at 500 ms for agent.done
 FAIL  test/unit/shepy-pi-extension.test.ts > shepy-pi orchestrator bridge > wakes once at 500 ms for agent.idle
AssertionError: expected [ [ { …(4) }, { …(2) } ] ] to match object [ [ { …(4) }, { …(2) } ] ]

- Expected
+ Received

@@ -3,11 +3,11 @@
      {
        "content": "Shepy received 1 agent update.",
        "customType": "shepy-wake",
        "details": {
          "build": {
-           "gitSha": null,
+           "gitSha": "52718df459816a2b3a4e9c2e4cd1090f2ed95cec",
            "pkgVersion": "0.5.0",
          },
          "eventIds": [
            43,
          ],

 ❯ test/unit/shepy-pi-extension.test.ts:945:33
    943|       expect(pi.customMessages).toEqual([]);
    944|       await vi.advanceTimersByTimeAsync(1);
    945|       expect(pi.customMessages).toMatchObject([
       |                                 ^
    946|         [
    947|           {

⎯⎯⎯⎯⎯⎯⎯⎯⎯⎯⎯⎯⎯⎯⎯⎯⎯⎯⎯⎯⎯⎯⎯⎯[1/3]⎯

 FAIL  test/unit/shepy-pi-extension.test.ts > shepy-pi orchestrator bridge > blocked bypasses the routine 500 ms batch without bypassing the delivery/ack path
AssertionError: expected [ [ { …(4) }, { …(2) } ] ] to match object [ [ { …(2) }, { …(2) } ] ]
(2 matching properties omitted from actual)

- Expected
+ Received

@@ -2,11 +2,11 @@
    [
      {
        "customType": "shepy-wake",
        "details": {
          "build": {
-           "gitSha": null,
+           "gitSha": "52718df459816a2b3a4e9c2e4cd1090f2ed95cec",
            "pkgVersion": "0.5.0",
          },
          "eventIds": [
            41,
            42,

 ❯ test/unit/shepy-pi-extension.test.ts:1003:33
    1001|       });
    1002|       await vi.advanceTimersByTimeAsync(0);
    1003|       expect(pi.customMessages).toMatchObject([
       |                                 ^
    1004|         [
    1005|           {

⎯⎯⎯⎯⎯⎯⎯⎯⎯⎯⎯⎯⎯⎯⎯⎯⎯⎯⎯⎯⎯⎯⎯⎯[2/3]⎯


 Test Files  1 failed | 64 passed (65)
      Tests  3 failed | 720 passed (723)
   Start at  20:28:28
   Duration  17.98s (transform 567ms, setup 0ms, import 2.70s, tests 11.08s, environment 3ms)

EXIT=1
