✓ Lockfile passes supply-chain policies (verified 29d ago)
. pnpm:devPreinstall$ husky

   ╭──────────────────────────────────────────╮
   │                                          │
   │   Update available! 11.9.0 → 12.11.2.    │
   │   Changelog: https://pnpm.io/v/12.11.2   │
   │     To update, run: pnpm add -g pnpm     │
   │                                          │
   ╰──────────────────────────────────────────╯

. pnpm:devPreinstall: Done
Lockfile is up to date, resolution step is skipped
Already up to date

Done in 722ms using pnpm v11.9.0
Already up to date
Done in 177ms using pnpm v11.9.0

 RUN  v4.1.9 /Users/ray/dev/shepy-wt/breach-adapter


 Test Files  2 passed (2)
      Tests  31 passed (31)
   Start at  19:59:36
   Duration  176ms (transform 48ms, setup 0ms, import 125ms, tests 12ms, environment 0ms)

